had
from
of
not
I
his
for
have
a
it
you
with
by
on
is
in
one
that
be
or
at
the
as
and
are
this
he
they
very
was
to
into
some
so
work
words
if
another
what
after
up
which
then
just
long
came
know
like
its
would
her
him
little
can
how
there
an
where
think
water
all
way
she
them
also
time
any
through
too
their
these
around
two
back
were
use
three
when
than
we
about
make
man
over
look
many
may
said
same
people
part
been
out
me
more
new
write
most
much
made
but
called
no
must
my
right
go
do
does
good
has
get
even
could
down
day
did
each
because
other
our
now
will
see
come
find
first
only
who
your
keep
kind
knew
those
live
without
left
thing
near
need
never
name
large
last
while
land
line
picture
white
side
show
sentence
school
second
set
light
story
let
life
should
place
put
read
night
between
being
below
across
asked
boy
change
country
answer
away
again
air
above
best
big
better
children
men
might
sun
take
study
next
tell
such
almost
both
along
animal
mother
sure
always
began
saw
feet
father
during
don’t
every
ever
until
few
end
earth
young
food
want
different
us
enough
far
house
however
thought
important
hear
heard
help
today
year
home
example
head
high
world
went
here
hand
once
since
sound
number
small
whole
own
page
paper
often
say
several
off
still
old
why
soon
well
hard
four
found
great
got
together
told
took
try
something
it’s
form
under
going
give
ready
remember
room
really
United
States
305
voice
red
upon
perhaps
plants
probably
person
rest
run
piece
river
usually
add
whether
against
ago
area
that’s
ten
talk
am
American
turned
turn
able
yet
yes
wind
ran
didn’t
family
face
dog
felt
became
English
done
door
feel
cut
eat
early
draw
fast
course
become
six
shown
stood
state
point
play
special
space
behind
sad
short
seen
start
stand
sea
before
strong
move
box
green
less
brought
morning
nothing
money
group
close
fish
grow
gave
ground
half
cold
notice
car
letter
matter
living
built
mean
list
cannot
order
book
black
open
lived
can’
body
oh
five
top
hot
though
toward
hundred
city
horse
I’
surface
tree
stop
table
true
anything
town
among
class
common
complete
certain
inside
fire
fine
full
front
later
kept
hold
himself
idea
I’m
learned
learn
friend
wide
field
whose
energy
fun
plan
government
grass
weather
alone
grew
window
fell
game
won’t
woman
oil
week
within
wish
winter
beside
free
wild
gold
wood
gone
else
follow
warm
siver
moon
care
simple
moment
modern
dark
north
fly
walked
war
floor
blue
watch
girl
foot
plane
glass
color
although
bottom
power
hair
poor
finally
animals
tiny
difference
happy
possible
happened
already
understand
deep
clear
human
present
quite
wrote
trouble
yourself
heat
heavy
heart
choose
problem
figure
circle
bird
you’re
pay
past
ocean
either
boat
pattern
held
question
hour
famous
farm
history
child
outside
travel
trip
thus
check
third
size
ask
rain
natural
strange
bring
fall
teacher
fact
tall
therefore
themselves
ice
information
suddenly
distance
system
machine
summer
music
instead
store
street
suppose
reading
straight
baby
itself
eye
carry
speak
catch
step
stay
center
reason
real
iron
language
couldn’t
caught
mouth
rather
reach
bright
spring
speed
case
mountain
job
square
sleep
sky
leave
late
easy
leaves
bed
correct
maybe
ball
least
snow
carefully
ship
base
except
shell
miss
road
soil
explain
someone
listen
length
lay
mind
longer
rock
lot
milk
seven
buy
beautiful
low
sent
main
middle
lost
seem
build
begin
round
map
mark
everyone
sat
business
dry
measure
everything
isn’t
century
kitchen
king
cause
island
led
cat
lady
level
capital
control
break
evening
broken
material
brown
necessary
love
key
cattle
million
minute
brother
lead
thin
team
tail
test
thick
direction
sold
sense
send
teeth
temperature
attention
subject
stone
song
stick
spread
doesn’t
south
sugar
arm
son
bad
spent
busy
he’s
happen
contain
clean
farther
hit
inch
include
I’ve
hat
hole
chance
born
blood
board
equal
cool
nose
object
especially
bought
nor
office
note
hope
garden
gas
general
grown
guess
glad
method
meant
major
interest
meat
meet
force
forest
forward
huge
I’d
coast
fight
fresh
gray
flat
fill
fit
pick
period
record
various
safe
return
ring
pass
party
region
result
copy
visit
village
wait
total
amount
decide
death
value
dead
wasn’t
wall
deal
rich
edge
pair
corner
please
eight
pretty
row
beyond
rule
opposite
bit
engine
pull
believe
product
ride
corn
electric
produce
practice
position
race
radio
quiet
ancient
basic
cost
sign
soft
skin
sheep
afternoon
addition
action
sight
thousand
afraid
scale
sand
science
beat
shape
bear
bank
similar
sit
section
drive
sharp
wife
wouldn’t
we’ll
desert
won
act
wrong
type
anyone
difficult
train
describe
unit
age
west
women
weight
wear
ahead
you’ll
cover
wonder
yellow
yard
cross
effect
raise
population
salt
nation
nature
breakfast
none
drove
drop
neck
quick
nice
burn
match
push
season
seat
drink
purpose
dress
market
bus
sell
public
farmer
tomorrow
die
useful
valley
coat
angry
count
particular
hill
till
path
usual
dear
twenty
twelve
entire
unless
paid
gun
oxygen
guide
clothes
twice
variety
northern
cabin
camp
cook
exercise
share
shook
bread
provide
neither
shop
shore
lie
separate
loud
protect
proper
proud
poem
shot
captain
pressure
shoulder
liquid
process
represent
east
report
month
everybody
nine
regular
rise
pound
mine
rode
motion
rope
rose
noise
met
movement
broke
myself
breath
dust
narrow
mental
member
rate
solution
express
bag
double
electricity
solve
law
indeed
supply
experiment
band
solid
sing
jump
spot
cotton
star
station
statement
slow
careful
sister
stage
experience
expect
steam
chief
chair
apart
empty
cent
dinner
doctor
stream
hurt
strength
string
steel
average
divide
television
familiar
appear
fair
hungry
imagine
army
ate
discover
surprise
finish
accept
final
company
forth
original
enjoy
flew
bill
finger
according
worth
wire
touch
church
trade
develop
tube
truck
compare
crowd
flower
herself
fear
wooden
speech
southern
spoke
dance
danger
throughout
plain
knowledge
join
spend
sort
laid
further
blow
feed
column
we’re
wet
future
community
current
wheel
alive
onto
fruit
settled
escape
beneath
balance
laugh
spelling
silent
barbecue
excited
knife
employee
lose
dozen
threw
apartment
charge
hospital
potatoes
title
exactly
located
cancel
nobody
suggested
excellent
instance
insects
influence
council
structure
political
success
students
style
avenue
individual
indicate
evidence
library
leader
bottle
situation
sincerely
license
leather
baseball
service
soldier
social
planet
symbol
author
available
disappear
popular
swimming
improve
immediately
audience
support
increase
disease
thank
factory
chapter
telephone
discuss
terrible
peace
arrange
article
attached
identity
observe
arrived
conversation
convince
apply
transportation
dictionary
review
message
husband
they’re
occur
rough
rubber
citizen
character
model
tongue
perfect
medicine
pencil
environment
mistake
traffic
rhythm
angle
continue
yesterday
neighbor
parents
climate
remain
enemy
determined
connect
required
prevent
opportunity
ability
activities
address
progress
project
garage
entered
organize
foreign
accident
climbed
concern
dangerous
agree
recently
receive
actually
vegetable
education
muscles
operation
recognize
favorite
condition
altogether
recommend
frequently
design
details
repeat
height
courage
healthy
principal
event
president
motor
newspaper
realize
waste
college
collect
personal
secret
offered
program
combine
railroad
daughter
frozen
allowed
married
police
standard
extra
industry
magazine
dollars
instrument
avoid
equipment
physical
serious
stomach
fifty
quarter
belong
whenever
ordinary
quality
daily
furniture
prepare
whisper
affect
function
coffee
couple
flight
frighten
account
bicycle
forget
construction
consider
groceries
pronounce
feather
worse